c:\users\james\onedrive - swinburne university\desktop\cos30008\problemset1\problemset1\x64\debug\vc143.pdb
c:\users\james\onedrive - swinburne university\desktop\cos30008\problemset1\problemset1\x64\debug\vc143.idb
c:\users\james\onedrive - swinburne university\desktop\cos30008\problemset1\problemset1\x64\debug\vector3d_ps1.obj
c:\users\james\onedrive - swinburne university\desktop\cos30008\problemset1\problemset1\x64\debug\vector3d.obj
c:\users\james\onedrive - swinburne university\desktop\cos30008\problemset1\problemset1\x64\debug\vector2d.obj
c:\users\james\onedrive - swinburne university\desktop\cos30008\problemset1\problemset1\x64\debug\matrix3x3_ps1.obj
c:\users\james\onedrive - swinburne university\desktop\cos30008\problemset1\problemset1\x64\debug\matrix3x3.obj
c:\users\james\onedrive - swinburne university\desktop\cos30008\problemset1\problemset1\x64\debug\main.obj
c:\users\james\onedrive - swinburne university\desktop\cos30008\problemset1\problemset1\x64\debug\problemset1.vcxproj.cppwinrt_comp.cache
c:\users\james\onedrive - swinburne university\desktop\cos30008\problemset1\problemset1\x64\debug\problemset1.vcxproj.cppwinrt_plat.cache
c:\users\james\onedrive - swinburne university\desktop\cos30008\problemset1\problemset1\x64\debug\problemset1.vcxproj.mdmergeinputs.cache
c:\users\james\onedrive - swinburne university\desktop\cos30008\problemset1\problemset1\x64\debug\problemset1.vcxproj.cppwinrt_comp.rsp
c:\users\james\onedrive - swinburne university\desktop\cos30008\problemset1\problemset1\x64\debug\problemset1.vcxproj.cppwinrt_plat.rsp
c:\users\james\onedrive - swinburne university\desktop\cos30008\problemset1\problemset1\x64\debug\problemset1.vcxproj.mdmerge.rsp
c:\users\james\onedrive - swinburne university\desktop\cos30008\problemset1\problemset1\x64\debug\problemset1.vcxproj.midlrt.rsp
c:\users\james\onedrive - swinburne university\desktop\cos30008\problemset1\x64\debug\problemset1.pdb
c:\users\james\onedrive - swinburne university\desktop\cos30008\problemset1\problemset1\x64\debug\problemset1.tlog\cl.command.1.tlog
c:\users\james\onedrive - swinburne university\desktop\cos30008\problemset1\problemset1\x64\debug\problemset1.tlog\cl.read.1.tlog
c:\users\james\onedrive - swinburne university\desktop\cos30008\problemset1\problemset1\x64\debug\problemset1.tlog\cl.write.1.tlog
c:\users\james\onedrive - swinburne university\desktop\cos30008\problemset1\problemset1\x64\debug\problemset1.tlog\link-cvtres.read.1.tlog
c:\users\james\onedrive - swinburne university\desktop\cos30008\problemset1\problemset1\x64\debug\problemset1.tlog\link-cvtres.write.1.tlog
c:\users\james\onedrive - swinburne university\desktop\cos30008\problemset1\problemset1\x64\debug\problemset1.tlog\link-rc.read.1.tlog
c:\users\james\onedrive - swinburne university\desktop\cos30008\problemset1\problemset1\x64\debug\problemset1.tlog\link-rc.write.1.tlog
c:\users\james\onedrive - swinburne university\desktop\cos30008\problemset1\problemset1\x64\debug\problemset1.tlog\link.command.1.tlog
c:\users\james\onedrive - swinburne university\desktop\cos30008\problemset1\problemset1\x64\debug\problemset1.tlog\link.read.1.tlog
c:\users\james\onedrive - swinburne university\desktop\cos30008\problemset1\problemset1\x64\debug\problemset1.tlog\link.read.2.tlog
c:\users\james\onedrive - swinburne university\desktop\cos30008\problemset1\problemset1\x64\debug\problemset1.tlog\link.write.1.tlog
